Abdelhak_KACHOURI
Alain_ANZIANI
Alain_BERGOUGNOUX
Alain_BERTEAUX
Alain_GEST
Alain_JUPPE
Alain_KRIVINE
Alain_LAMASSOURE
Alain_MARSCHALL
Alain_RICHARD
Alain_ROUSSET
Alain_VIDALIES
Alexandre_MALFAIT
Alexis_BREZET
Amgad_SADEK
Anais_GOUBATIAN
Andre_CHASSAIGNE
Andre_LAIGNEL
Andre_VALLINI
Anicet_MBIDA
Anne_HIDALGO
Anne_LE-STRAT
Anne_MANSOURET
Anne_SOUYRIS
Annick_LEPETIT
Anny_POURSINOFF
Anthony_ROUGIER
Ariane_CHEMIN
Arnaud_ARDOIN
Arnaud_MONTEBOURG
Arnaud_ROBINET
Audrey-Sophie_NACASS
Augustin_LEGRAND
Aurelie_FILIPPETTI
Aurelie_MARCIREAU
Aurelien_VERON
Axel_PONIATOWSKI
Aymeric_BARRAULT
Azouz_BEGAG
Benjamin_LANCAR
Benoist_APPARU
Benoit_HAMON
Bernadette_CHIRAC
Bernadette_VERGNAUD
Bernard-Henri_LEVY
Bernard_ACCOYER
Bernard_BIGOT
Bernard_CAZENEUVE
Bernard_DEBRE
Bernard_DEFLESSELLES
Bernard_KOUCHNER
Bernard_LAPORTE
Bernard_ROMAN
Bertrand_DELANOE
Bertrand_MONTHUBERT
Brice_HORTEFEUX
Brice_LALONDE
Brice_ROBIN
Brigitte_BAREGES
Bruno_BESCHIZZA
Bruno_DURIEUX
Bruno_GOLLNISCH
Bruno_JULLIARD
Bruno_LE-MAIRE
Bruno_LE-ROUX
Bruno_PIRIOU
Camille_BEDIN
Candice_MAHOUT
Carl_MEEUS
Caroline_MIER
Catherine_GENISSON
Catherine_LEMORTON
Catherine_MORIN-DESAILLY
Catherine_TASCA
Catherine_TRAUTMANN
Cecile_DUFLOT
Cecile_OLLIVIER
Celine_COURATIN
Celine_PITELET
Chantal_BRUNEL
Chantal_JOUANNO
Charles-Amedee_DE-COURSON
Charles_BEIGBEDER
Chloe_BUFFARD
Christian_BATAILLE
Christian_ESTROSI
Christian_JACOB
Christian_MARTIN
Christian_PAUL
Christian_PROUTEAU
Christian_VANNESTE
Christiane_LAMBERT
Christiane_TAUBIRA
Christine_BOUTIN
Christine_LAGARDE
Christine_POUPIN
Christophe_BORGEL
Christophe_CARESCHE
Christophe_DELAY
Christophe_MASSE
Christophe_REGNARD
Christophe_RUAULTS
Claire_FLEURY
Claire_LE-FRANC
Claude_BARTOLONE
Claude_BODIN
Claude_DILAIN
Claude_GATIGNOL
Claude_GOASGUEN
Claude_GUEANT
Claude_WEILL
Claudy_LEBRETON
Clementine_AUTAIN
Clotilde_RIPOULL
Corinne_LEPAGE
Damien_ABAD
Damien_FLEUROT
Daniel_COHN-BENDIT
Daniel_RIOLO
Daniel_VAILLANT
David_ASSOULINE
David_DOUILLET
David_KOUBBI
Delphine_BATHO
Denis_BADRE
Denis_BAUPIN
Denis_DEMONPION
Denis_JACQUAT
Diane_GOUFFRANT
Didier_BOROTRA
Didier_MIGAUD
Didier_PIARD
Didier_RIDERET
Didier_ROBERT
Dominique_BAUDIS
Dominique_BERTINOTTI
Dominique_BUCCHINI
Dominique_DE-VILLEPIN
Dominique_MATHIEU-VERITE
Dominique_PAILLE
Dominique_RIQUET
Dominique_STRAUSS-KAHN
Dominique_VOYNET
Edouard_PHILIPPE
Edward_JAY
Elisabeth_GUIGOU
Emile_THABUIS
Emmanuel_SCHWARTZENBERG
Eric_BESSON
Eric_CIOTTI
Eric_DOLIGE
Eric_RAOULT
Eric_SCHULTZ
Eric_WOERTH
Etienne_BLANC
Eva_JOLY
Fabien_LEFORT
Fabienne_KELLER
Fabienne_SOROLLA
Faten_HIDRI
Foued_SARI
Franck_RIESTER
Francois_AUTAIN
Francois_BAROIN
Francois_BASTIEN
Francois_BAYROU
Francois_BROTTES
Francois_DAGNAUD
Francois_DE-MAZIERES
Francois_DE-RUGY
Francois_FILLON
Francois_GIUSEPPI
Francois_GOULARD
Francois_HOLLANDE
Francois_LONCLE
Francois_MITTERRAND
Francois_NEBOUT
Francois_PUPPONI
Francois_REBSAMEN
Francois_SAUVADET
Francoise_GROSSETETE
Francoise_HOSTALIER
Frederic_ADAM
Frederic_LEFEBVRE
Frederic_MITTERRAND
Frederic_NIHOUS
Frederic_SAUSSET
Frederique_BREDIN
Gaetane_MELIN
Gaston_LACROIX
Georges_FENECH
Georges_TRON
Gerard_BAPT
Gerard_CLAISSE
Gerard_COLLOMB
Gerard_FILOCHE
Gerard_LARCHER
Gerard_LONGUET
Gerard_MENUEL
Germain_ANDRIEUX
Gilbert_BARBIER
Gilbert_GRANELO
Gilles_BERNARD
Gilles_BOYER
Gilles_CARREZ
Gilles_DENIGOT
Gilles_FINCHELSTEIN
Gilles_PARGNEAUX
Graziella_RODRIGUES
Guillaume_YOUT
Guy_DELCOURT
Guy_DRUT
Guy_TEISSIER
Hamou_BOUAKKAZ
Harlem_DESIR
Helene_FLAUTRE
Henri_DE-RAINCOURT
Henri_EMMANUELLI
Henri_GUAINO
Henri_VACQUIN
Henri_WEBER
Herve_DE-CHARETTE
Herve_GAYMARD
Herve_LE-TAILLANDIER-DE-GABORY
Herve_MARITON
Herve_MORIN
Herve_NOVELLI
Hubert_VEDRINE
Isabelle_SAPORTA
Ismael_HASSOUNEH
Ivan_RIOUFOL
Jack_LANG
Jack_RALITE
Jacqueline_ROUILLON
Jacques_DESALLANGRE
Jacques_GOFFINON
Jacques_GROSPERRIN
Jacques_MYARD
Jacques_PELISSARD
Jacques_SALVATOR
Jean-Baptiste_PREVOST
Jean-Baptiste_TONDU
Jean-Christophe_CAMBADELIS
Jean-Christophe_FROMANTIN
Jean-Christophe_LAGARDE
Jean-Claude_BOULARD
Jean-Claude_GAUDIN
Jean-Claude_LUCHE
Jean-David_CIOT
Jean-Francois_COPE
Jean-Francois_LAMOUR
Jean-Francois_MANCEL
Jean-Francois_PERES
Jean-Jacques_CANDELIER
Jean-Jacques_URVOAS
Jean-Louis_BIANCO
Jean-Louis_BORLOO
Jean-Louis_DEBRE
Jean-Louis_MALISSE
Jean-Luc_BENNHAMIAS
Jean-Luc_MELENCHON
Jean-Luc_RIGAUT
Jean-Luc_ROMERO
Jean-Luc_WARSMANN
Jean-Marc_AYRAULT
Jean-Marie_BOCKEL
Jean-Marie_CAVADA
Jean-Marie_LE-GUEN
Jean-Marie_LE-PEN
Jean-Marie_Le_GUEN
Jean-Marie_RAUSCH
Jean-Michel_BAYLET
Jean-Michel_CADIOT
Jean-Michel_COHEN
Jean-Noel_DEPARIS
Jean-Noel_GUERINI
Jean-Paul_BESSET
Jean-Paul_BRUNEAU
Jean-Paul_CHANTEGUET
Jean-Paul_DELEVOYE
Jean-Paul_DENANOT
Jean-Paul_DRAPIER
Jean-Paul_GAUZES
Jean-Paul_HUCHON
Jean-Paul_VIRAPOULLE
Jean-Pierre_BECHTER
Jean-Pierre_BEL
Jean-Pierre_BERTRAND
Jean-Pierre_BRARD
Jean-Pierre_CHEVENEMENT
Jean-Pierre_DECOOL
Jean-Pierre_GRAND
Jean-Pierre_GRATIEN
Jean-Pierre_HAVRIN
Jean-Pierre_MIGNARD
Jean-Pierre_RAFFARIN
Jean-Pierre_SUEUR
Jean-Rene_LECERF
Jean-Vincent_PLACE
Jean-Yves_CAMUS
Jean-Yves_MANO
Jean_ARTHUIS
Jean_CHORRO
Jean_DIONIS-DU-SEJOUR
Jean_LEONETTI
Jean_RESSEGUIE
Jean_TODT
Jean_VIARD
Jean_de_TONQUEDEC
Jeannette_BOUGRAB
Jeremie_HARTMANN
Jerome_CAHUZAC
Jerome_CHARTIER
Jose_ALLEGRINI
Jose_BOVE
Julia_DELAGE
Julia_Le_CORREC
Julien_DRAY
Kamel_HAMZA
Karine_Le_LOET
Laure_DE-LA-RAUDIERE
Laurence_DOUVIN
Laurence_VICHNIEVSKY
Laurent_El_GHOZI
Laurent_FABIUS
Laurent_HECQUET
Laurent_HENART
Laurent_NEUMANN
Laurent_WAUQUIEZ
Laurianne_DENIAUD
Leila_LEGMARA
Lionel_CHOLLON
Lionel_JOSPIN
Lionel_TARDY
Lionnel_LUCA
Louise_EKLAND
Luc_CHATEL
Luc_MARONI
Lucie_NUTTIN
Lucile_SCHMID
Ludovic_TORO
Lyne_COHEN-SOLAL
Magali_CHALAIS
Manuel_VALLS
Mao_PENINOU
Marc-Philippe_DAUBRESSE
Marc_COATANEA
Marc_DOLEZ
Marc_LAFFINEUR
Marc_VUILLEMOT
Marie-Anne_MONTCHAMP
Marie-Arlette_CARLOTTI
Marie-Francoise_CLERGEAU
Marie-Georges_BUFFET
Marie-Luce_PENCHARD
Marie-Michele_ALLIOT
Marie_DUQUESNE
Marie_TOUSSAINT
Marine_LE-PEN
Marine_Le_PEN
Marisol_TOURAINE
Martine_AUBRY
Martine_Aroix_BUET
Marylise_LEBRANCHU
Mathieu_COACHE
Mathilde_TERRIER
Maurice_BRES
Maurice_LEROY
Maxime_GREMETZ
Maxime_ROUQUET
Michel_CHARASSE
Michel_DELEBARRE
Michel_DESTOT
Michel_GONNOT-FRANCOIS
Michel_HAVARD
Michel_LAURENT
Michel_MERCIER
Michel_PESENTI
Michel_PIRON
Michel_ROCARD
Michel_SAMMARCELLI
Michel_SAPIN
Michel_THABUIS
Michel_VAUZELLE
Michele_ALLIOT-MARIE
Michele_DELAUNAY
Michele_MERLI
Michele_RIVASI
Myriam_ENCAOUA
Nadine_MORANO
Najat_VALLAUD-BELKACEM
Nathalie_ARTHAUD
Nathalie_KOSCIUSKO-MORIZET
Nicolas_BOUGEARD
Nicolas_DUPONT-AIGNAN
Nicolas_HULOT
Nicolas_SARKOZY
Nicolas_TISSOT
Nicole_JOULIA
Noel_MAMERE
Nora_BERRA
Olga_TROSTIANSKY
Olivier_BESANCENOT
Olivier_DARTIGOLLES
Olivier_DUSSOPT
Olivier_FERRAND
Olivier_GUPTA
Olivier_METZNER
Olivier_TRUCHOT
Oscar_TEMARU
Pascal_BUCHET
Pascal_CANFIN
Pascal_COURTAUD
Pascal_DURAND
Pascal_PERRI
Pascal_SCHMITT
Pascale_BOISTARD
Pascale_DE_LA_TOUR_DU_PIN
Patrice_BESSAC
Patrice_GOURRIER
Patrick_BERCHE
Patrick_BLOCHE
Patrick_BRAOUEZEC
Patrick_DEVEDJIAN
Patrick_HERMANSEN
Patrick_LE-HYARIC
Patrick_MENNUCCI
Patrick_OLLIER
Patrick_ROY
Paul_ALLIES
Paul_QUILES
Paul_THABUIS
Pervenche_BERES
Philippe_BAS
Philippe_CALLEJA
Philippe_DALLIER
Philippe_DEPARIS
Philippe_DOUCET
Philippe_DOUSTE-BLAZY
Philippe_DUFREIGNE
Philippe_HOUILLON
Philippe_JUVIN
Philippe_LANGENIEUX-VILLARD
Philippe_LEBRETON
Philippe_MARINI
Philippe_MARTIN
Philippe_PLISSON
Philippe_POUTOU
Philippe_RICHERT
Philippe_SALVADOR
Philippe_SAUREL
Philippe_VASSET
Philippe_VIGIER
Pierre-Alain_MUET
Pierre-Christophe_BAGUET
Pierre_CHAPPARD
Pierre_CHARON
Pierre_COHEN
Pierre_COUTAUD
Pierre_JOXE
Pierre_LARROUTUROU
Pierre_LAURENT
Pierre_LELLOUCHE
Pierre_MANSAT
Pierre_MAUROY
Pierre_MEHAIGNERIE
Pierre_MOREL-A-L-HUISSIER
Pierre_MOSCOVICI
Rachida_DATI
Rama_YADE
Razzy_HAMMADI
Regis_JUANICO
Remi_FERAUD
Renaud_MUSELIER
Rene_DOSIERE
Richard_MAILLE
Richard_MALLIE
Robert_BADINTER
Robert_HUE
Robert_LION
Robert_ROCHEFORT
Roch_WAMYTAN
Roland_COURTEAU
Roland_LEROY
Romain_GUBERT
Roselyne_BACHELOT
Ruth_ELKRIEF
Samia_GHALI
Sandra_LARUE
Sebastien_HUYGHE
Segolene_ROYAL
Serge_BLISKO
Serge_LEPELTIER
Soizic_BONVARLET
Sophie_DEVEDJIAN
Soumiya_SIHABI
Stephane_GATIGNON
Stephane_HAUSSOULIER
Stephane_HESSEL
Stephane_JACQUOT
Stephane_LE-FOLL
Sylvie_GOULARD
Sylvie_GUILLAUME
Thierry_ARNAUD
Thierry_JEAN
Thierry_MARIANI
Thomas_MISRACHI
Tiffanie_OSSWALT
Valerie_BROCHARD
Valerie_HOFFENBERG
Valerie_LETARD
Valerie_PECRESSE
Valerie_ROSSO-DEBORD
Vanessa_SCHNEIDER
Veronique_FEVRE
Veronique_MARENDAT
Vincent_CHRIQUI
Vincent_DESCOEUR
Vincent_GAUDY
Virginie_GOUBIER
Virginie_PHULPIN
Xavier_BERTRAND
Xavier_CRET
Yamina_BENGUIGUI
Yann-Antony_NOGHES
Yann_WHERLING
Yannick_JADOT
Yves_BLEIN
Yves_COCHET
Yves_CONTASSOT
Yves_DAUGE
Yves_FROMION
Yves_JEGO
Yves_MARIGNAC
Yvon_COLLIN
